// Jest Snapshot v1, https://goo.gl/fbAQLP

exports[`<Nav /> Check snapshot 1`] = `
<DocumentFragment>
  <p>
    sq
  </p>
</DocumentFragment>
`;
