// Jest Snapshot v1, https://goo.gl/fbAQLP

exports[`<Rupteur /> Check snapshot 1`] = `
<DocumentFragment>
  <div
    class="container"
  >
    <div
      class="rupteur"
      data-testid="rupteur"
      data-theme="light"
    >
      <div
        class="state"
      />
    </div>
  </div>
</DocumentFragment>
`;
